py : C:\Users\KHAIYUM\AppData\Local\Programs\Python\Python314\python.exe: No 
module named pytest
At line:1 char:1
+ py -3 -m pytest -q > pytest-output.txt 2>&1
+ ~~~~~~~~~~~~~~~~~~~~~~~~~~~~~~~~~~~~~~~~~~~
    + CategoryInfo          : NotSpecified: (C:\Users\KHAIYU...le named pytest 
   :String) [], RemoteException
    + FullyQualifiedErrorId : NativeCommandError
 
